
> terragest@0.1.0 build C:\Users\Admin\terragest
> next build --webpack

Ôû▓ Next.js 16.2.4 (webpack)
- Environments: .env.local

node.exe : ÔÜá The "middleware" file convention is deprecated. Please use "proxy" instead. Learn 
more: https://nextjs.org/docs/messages/middleware-to-proxy
Au caractère C:\Users\Admin\AppData\Roaming\npm\pnpm.ps1:24 : 5
+     & "node$exe"  "$basedir/node_modules/pnpm/bin/pnpm.cjs" $args
+     ~~~~~~~~~~~~~~~~~~~~~~~~~~~~~~~~~~~~~~~~~~~~~~~~~~~~~~~~~~~~~
    + CategoryInfo          : NotSpecified: (ÔÜá The "middle...leware-to-proxy:String) [], RemoteExc 
   eption
    + FullyQualifiedErrorId : NativeCommandError
 
  Creating an optimized production build ...
Failed to compile.

./src/app/(private)/exploitations/[id]/page.tsx
Error: 

Caused by:
    0: Failed to read source code from 
C:\Users\Admin\terragest\src\app\(private)\exploitations\[id]\page.tsx
    1: stream did not contain valid UTF-8

Import trace for requested module:
./src/app/(private)/exploitations/[id]/page.tsx


> Build failed because of webpack errors
ÔÇëELIFECYCLEÔÇë Command failed with exit code 1.
